[phatlinh3011.iwedding.info/index.html]
[backblue.gif]
[fade.gif]
[index.html]
[cdn.biihappy.com/ziiweb/website/671b5b5c50d1d4264e07d638/7ed92e05c070ba9a57379c9e4b0ea25e.jpg]
[phatlinh3011.iwedding.info/templates/template135/css/libs.css]
[phatlinh3011.iwedding.info/templates/template135/css/style.css]
[phatlinh3011.iwedding.info/common/calendar484d.css]
[cdn.biihappy.com/ziiweb/website/671b5b5c50d1d4264e07d638/templates/643d7aa30be61636f4051958/9f96b918758557fd2af6faa63a7cd6f3.jpg]
[phatlinh3011.iwedding.info/templates/template135/img/main_title.png]
[cdn.biihappy.com/ziiweb/images/static/common/wishes.png]
[phatlinh3011.iwedding.info/rsvp.html]
[cdn.biihappy.com/ziiweb/images/static/common/rsvp4.png]
[cdn.biihappy.com/ziiweb/images/static/common/money_bag.png]
[cdn.biihappy.com/ziiweb/website/671b5b5c50d1d4264e07d638/galleries/671e196ac905ba67e70da578/small.jpg]
[cdn.biihappy.com/ziiweb/website/671b5b5c50d1d4264e07d638/galleries/671e10d90b944ebb470a956f/small.jpg]
[cdn.biihappy.com/ziiweb/website/671b5b5c50d1d4264e07d638/galleries/671e10fc84f617eee101def4/small.jpg]
[cdn.biihappy.com/ziiweb/website/671b5b5c50d1d4264e07d638/galleries/671e10f0c905ba67e70da575/small.jpg]
[cdn.biihappy.com/ziiweb/website/671b5b5c50d1d4264e07d638/galleries/671e10b777f47b1c6b0e1d08/small.jpg]
[cdn.biihappy.com/ziiweb/website/671b5b5c50d1d4264e07d638/galleries/671e10a80347d786720f5a98/small.jpg]
[cdn.biihappy.com/ziiweb/website/671b5b5c50d1d4264e07d638/galleries/671e109a50c694b588024dc7/small.jpg]
[cdn.biihappy.com/ziiweb/website/671b5b5c50d1d4264e07d638/galleries/671e108cb53b22d3490c5c44/small.jpg]
[cdn.biihappy.com/ziiweb/website/671b5b5c50d1d4264e07d638/galleries/671e1073c905ba67e70da574/small.jpg]
[cdn.biihappy.com/ziiweb/website/671b5b5c50d1d4264e07d638/galleries/671e107f654deb6c4b0674ca/small.jpg]
[cdn.biihappy.com/ziiweb/website/671b5b5c50d1d4264e07d638/templates/643d7aa30be61636f4051958/e5109b26ee0a64bac6932ac7e2414fea.jpg]
[cdn.biihappy.com/ziiweb/website/671b5b5c50d1d4264e07d638/72a6f6ddf12eff535519940b5c3ecd0a.jpg]
[cdn.biihappy.com/ziiweb/website/671b5b5c50d1d4264e07d638/55b1ae4c3d3bf928757ba6cf7769b42e.jpg]
[cdn.biihappy.com/ziiweb/website/671b5b5c50d1d4264e07d638/a1c297f5f1f9afcadfbcb20833d03c52.jpg]
[cdn.biihappy.com/ziiweb/website/671b5b5c50d1d4264e07d638/56cc53add6c98324c9f32dfdcb2bb6d3.jpg]
[cdn.biihappy.com/ziiweb/website/671b5b5c50d1d4264e07d638/2ba3268fad8a0068a8bd4b5a2ee57e42.jpg]
[cdn.biihappy.com/ziiweb/website/671b5b5c50d1d4264e07d638/362e24dad3f18dd3bc062fa6f2bdc418.jpg]
[cdn.biihappy.com/ziiweb/website/671b5b5c50d1d4264e07d638/160830668e4fbe9525bb2de70f446100.jpg]
[cdn.biihappy.com/ziiweb/website/671b5b5c50d1d4264e07d638/c3581c721e40cf73cf6279fc0ace5a17.jpg]
[phatlinh3011.iwedding.info/common/calendar484d.js]
[phatlinh3011.iwedding.info/common/biicommon.min484d.js]
[phatlinh3011.iwedding.info/templates/template135/js/libs.js]
[phatlinh3011.iwedding.info/templates/template135/js/script.js]
[phatlinh3011.iwedding.info/common/emoji-picker/js/insertTextAtCursor484d.js]
[phatlinh3011.iwedding.info/index.html]
[phatlinh3011.iwedding.info/common/emoji-picker/js/init484d.js]
[phatlinh3011.iwedding.info/templates/template135/fonts/bootstrap-iconsbf04.woff2]
[phatlinh3011.iwedding.info/templates/template135/fonts/bootstrap-iconsbf04.woff]
[phatlinh3011.iwedding.info/templates/template135/fonts/lgd641.eot]
[phatlinh3011.iwedding.info/templates/template135/fonts/lgd41d.eot]
[phatlinh3011.iwedding.info/templates/template135/fonts/lgd641.woff]
[phatlinh3011.iwedding.info/templates/template135/fonts/lgd641.ttf]
[phatlinh3011.iwedding.info/templates/template135/fonts/lgd641.svg]
[phatlinh3011.iwedding.info/templates/template135/img/vimeo-play.png]
[phatlinh3011.iwedding.info/templates/template135/img/video-play.png]
[phatlinh3011.iwedding.info/templates/template135/img/youtube-play.png]
[phatlinh3011.iwedding.info/templates/template135/img/loading.gif]
[phatlinh3011.iwedding.info/templates/template135/css/libs.css]
[cdn.biihappy.com/ziiweb/images/static/common/searchicon.png]
[phatlinh3011.iwedding.info/templates/template135/css/style.css]
[phatlinh3011.iwedding.info/common/calendar484d.css]
[cdn.jsdelivr.net/npm/bootstrap@5.2.0/dist/css/bootstrap.min.css]
[phatlinh3011.iwedding.info/album/heart.gif]
[phatlinh3011.iwedding.info/rsvp.html]
[phatlinh3011.iwedding.info/templates/template135/fonts/lgd641.svg]
[cdn.jsdelivr.net/npm/bootstrap@5.2.0/dist/css/bootstrap.min.css]
[phatlinh3011.iwedding.info/rsvp-template/script7625.js]
